

CSR4>
CSR4>en
CSR4#
CSR4#conf t]
           ^
% Invalid input detected at '^' marker.

CSR4#conf t 
Enter configuration commands, one per line.  End with CNTL/Z.
CSR4(config)#
CSR4(config)#
CSR4(config)#vrf definition VPN_B
CSR4(config-vrf)# rd 100:2
CSR4(config-vrf)# route-target export 100:2
CSR4(config-vrf)# route-target import 100:2
CSR4(config-vrf)# !
CSR4(config-vrf)# address-family ipv4
CSR4(config-vrf-af)#exit-address-family
CSR4(config-vrf)#interface GigabitEthernet5
CSR4(config-if)#vrf forwarding VPN_B
% Interface GigabitEthernet5 IPv4 disabled and address(es) removed due to enabling VRF VPN_B
CSR4(config-if)# ip address 10.4.7.4 255.255.255.0
CSR4(config-if)#
*Jul 31 02:03:31.401: %OSPF-5-ADJCHG: Process 1, Nbr 7.7.7.7 on GigabitEthernet5 from FULL to DOWN, Neighbor Down: Interface down or detached ip address 10.4.7.4 255.255.255.0
CSR4(config-if)# ip address 10.4.7.1 255.255.255.0
CSR4(config-if)#
CSR4(config-if)#
CSR4(config-if)#end
CSR4#
*Jul 31 02:03:51.288: %SYS-5-CONFIG_I: Configured from console by console
CSR4#
CSR4#conf t
Enter configuration commands, one per line.  End with CNTL/Z.
CSR4(config)#router bgp 100
CSR4(config-router)# no bgp default ipv4-unicast
CSR4(config-router)# neighbor 2.2.2.2 remote-as 100
CSR4(config-router)# neighbor 2.2.2.2 update-source Loopback0
CSR4(config-router)# !
CSR4(config-router)# address-family vpnv4
CSR4(config-router-af)#  neighbor 2.2.2.2 activate
CSR4(config-router-af)#  neighbor 2.2.2.2 send-community extended
CSR4(config-router-af)# exit-address-family
CSR4(config-router)# !
CSR4(config-router)# address-family ipv4 vrf VPN_B
CSR4(config-router-af)#  network 7.7.7.7 mask 255.255.255.255
CSR4(config-router-af)# exit-address-family
CSR4(config-router)# !
CSR4(config-router)#!
CSR4(config-router)#ip route vrf VPN_B 7.7.7.7 255.255.255.255 10.4.7.2
CSR4(config)#
CSR4(config)#
