
CSR2>
CSR2>
CSR2>en
CSR2#
CSR2#
CSR2#sh    
CSR2#show mpl
CSR2#show mpls ls
CSR2#show mpls ld
CSR2#show mpls ldp da
CSR2#show mpls ldp ? 
  backoff           LDP session setup backoff table
  bindings          Show the LDP Label Information Base (LIB)
  capabilities      Display LDP Capabilities information
  checkpoint        LDP checkpoint information
  discovery         Display sources for locally generated LDP Discovery Hello
                    PDUs
  graceful-restart  Show Graceful Restart summary
  iccp              Show ICCP entries
  igp               IGP-related info
  neighbor          Display LDP neighbor information
  nsr               NSR-related info
  parameters        Display LDP configuration parameters

CSR2#show mpls ldp 
% Incomplete command.

CSR2#show mpls ldp ne
CSR2#show mpls ldp neighbor 
    Peer LDP Ident: 4.4.4.4:0; Local LDP Ident 2.2.2.2:0
        TCP connection: 4.4.4.4.18788 - 2.2.2.2.646
        State: Oper; Msgs sent/rcvd: 141/140; Downstream
        Up time: 01:28:34
        LDP discovery sources:
          GigabitEthernet2, Src IP addr: 20.2.4.2
        Addresses bound to peer LDP Ident:
          20.2.4.2        4.4.4.4         20.3.4.2        20.4.6.1        
          20.4.5.1        
    Peer LDP Ident: 3.3.3.3:0; Local LDP Ident 2.2.2.2:0
        TCP connection: 3.3.3.3.37494 - 2.2.2.2.646
        State: Oper; Msgs sent/rcvd: 139/136; Downstream
        Up time: 01:25:39
        LDP discovery sources:
          GigabitEthernet3, Src IP addr: 20.2.3.2
        Addresses bound to peer LDP Ident:
          20.3.6.1        20.2.3.2        20.3.4.1        3.3.3.3         
CSR2#sh
CSR2#show mpl 
CSR2#show mpls d
CSR2#show mpls ld        
CSR2#show mpls ldp i
CSR2#show mpls ldp ig
CSR2#show mpls ldp igp sy
CSR2#show mpls ldp igp sync 
    GigabitEthernet2:
        LDP configured; LDP-IGP Synchronization not enabled.
    GigabitEthernet3:
        LDP configured; LDP-IGP Synchronization not enabled.
CSR2#
CSR2#
CSR2#     
CSR2#
CSR2#
CSR2#
CSR2#conf t
Enter configuration commands, one per line.  End with CNTL/Z.
CSR2(config)#mpl
CSR2(config)#router
CSR2(config)#router os
CSR2(config)#router ospf 1
CSR2(config-router)#
CSR2(config-router)#mpl
CSR2(config-router)#mpls ld
CSR2(config-router)#mpls ldp sy
CSR2(config-router)#mpls ldp sync ?
  <cr>

CSR2(config-router)#mpls ldp sync 
CSR2(config-router)#
CSR2(config-router)#
CSR2(config-router)#end
CSR2#
CSR2#
CSR2#show mpls ldp igp sync 
*Jul  4 10:27:00.535: %SYS-5-CONFIG_I: Configured from console by console
    GigabitEthernet2:
        LDP configured; LDP-IGP Synchronization enabled.
        Sync status: sync achieved; peer reachable.
        Sync delay time: 0 seconds (0 seconds left)
        IGP holddown time: infinite.
        Peer LDP Ident: 4.4.4.4:0
        IGP enabled: OSPF 1
    GigabitEthernet3:
        LDP configured; LDP-IGP Synchronization enabled.
        Sync status: sync achieved; peer reachable.
        Sync delay time: 0 seconds (0 seconds left)
        IGP holddown time: infinite.
        Peer LDP Ident: 3.3.3.3:0
        IGP enabled: OSPF 1
CSR2#
CSR2#
CSR2#
CSR2#
CSR2#wr
Building configuration...
[OK]
CSR2#
CSR2#
CSR2#
CSR2#
CSR2#conf t
Enter configuration commands, one per line.  End with CNTL/Z.
CSR2(config)#mpl
CSR2(config)#mpls ld
CSR2(config)#mpls ldp se
CSR2(config)#mpls ldp session pr
CSR2(config)#mpls ldp session protection ?
  duration  Period to sustain session protection after loss of link discovery
  for       Access-list to specify LDP peers
  <cr>

CSR2(config)#mpls ldp session protection 
CSR2(config)#
CSR2(config)#exit
CSR2#
CSR2#wr
Building configuration...

*Jul  4 10:45:00.445: %SYS-5-CONFIG_I: Configured from console by console[OK]
CSR2#
CSR2#
CSR2#
CSR2#wr
Building configuration...
[OK]
CSR2#
