Connected to Dynamips VM "R1" (ID 1, type c7200) - Console port
Press ENTER to get the prompt.
20.20.20.20 [120/2] via 10.1.2.2, 00:00:13, FastEthernet0/0
R1#
R1#
R1#trac
R1#           

































R1 con0 is now available





Press RETURN to get started.


R1>
R1>
R1>en
R1#
R1#
R1#ping 20.20.20.20 so lo0 
Type escape sequence to abort.
Sending 5, 100-byte ICMP Echos to 20.20.20.20, timeout is 2 seconds:
Packet sent with a source address of 1.1.1.1 
!!!!!
Success rate is 100 percent (5/5), round-trip min/avg/max = 36/46/56 ms
R1#
R1#
R1#
R1#
R1#sh ip route
Codes: L - local, C - connected, S - static, R - RIP, M - mobile, B - BGP
       D - EIGRP, EX - EIGRP external, O - OSPF, IA - OSPF inter area 
       N1 - OSPF NSSA external type 1, N2 - OSPF NSSA external type 2
       E1 - OSPF external type 1, E2 - OSPF external type 2
       i - IS-IS, su - IS-IS summary, L1 - IS-IS level-1, L2 - IS-IS level-2
       ia - IS-IS inter area, * - candidate default, U - per-user static route
       o - ODR, P - periodic downloaded static route, H - NHRP, l - LISP
       + - replicated route, % - next hop override

Gateway of last resort is not set

      1.0.0.0/32 is subnetted, 1 subnets
C        1.1.1.1 is directly connected, Loopback0
      10.0.0.0/8 is variably subnetted, 3 subnets, 2 masks
C        10.1.2.0/30 is directly connected, FastEthernet0/0
L        10.1.2.1/32 is directly connected, FastEthernet0/0
R        10.19.20.0/30 [120/1] via 10.1.2.2, 00:00:09, FastEthernet0/0
      20.0.0.0/32 is subnetted, 1 subnets
R        20.20.20.20 [120/2] via 10.1.2.2, 00:00:09, FastEthernet0/0
R1#
R1#
R1#
R1#
R1#       
R1#
R1#
R1#
R1#terminal length 0
R1#write
Building configuration...
[OK]
R1#quit





























































R1 con0 is now available





Press RETURN to get started.


R1>
R1>en
R1#
R1#
R1#sh run | s r e
R1#
R1#
R1#conf t
Enter configuration commands, one per line.  End with CNTL/Z.
R1(config)#
R1(config)#no router rip
R1(config)#
R1(config)#
R1(config)#router ei
R1(config)#router eigrp 1
R1(config-router)#
R1(config-router)#net
R1(config-router)#network 10.1.2.0 ?
  A.B.C.D  EIGRP wild card bits
  <cr>

R1(config-router)#network 10.1.2.0 0.0.0.3 ?
  <cr>

R1(config-router)#network 10.1.2.0 0.0.0.3 
R1(config-router)#
R1(config-router)#
R1(config-router)#netwo
R1(config-router)#network 1.1.1.1 0.0.0.0. 
                                         ^
% Invalid input detected at '^' marker.

R1(config-router)#network 1.1.1.1 0.0.0.0 
R1(config-router)#
R1(config-router)#
R1(config-router)#no
R1(config-router)#no au
R1(config-router)#no auto-summary 
R1(config-router)#
R1(config-router)#
R1(config-router)#end
R1#
R1#
R1#sh run 
*Jul 10 09:51:21.890: %SYS-5-CONFIG_I: Configured from console by consoleip 
R1#sh ip ei  
R1#sh ip eigrp ne
R1#sh ip eigrp neighbors 
EIGRP-IPv4 Neighbors for AS(1)
R1#
R1#
R1#
R1#
R1#sh ip eigrp neighbors 
EIGRP-IPv4 Neighbors for AS(1)
R1#
R1#
R1#sh run | s r e
router eigrp 1
 network 1.1.1.1 0.0.0.0
 network 10.1.2.0 0.0.0.3
R1#
R1#
R1#ping 10.1.2.1
Type escape sequence to abort.
Sending 5, 100-byte ICMP Echos to 10.1.2.1, timeout is 2 seconds:
!!!!!
Success rate is 100 percent (5/5), round-trip min/avg/max = 4/8/12 ms
R1#ping 10.1.2.2
Type escape sequence to abort.
Sending 5, 100-byte ICMP Echos to 10.1.2.2, timeout is 2 seconds:
!!!!!
Success rate is 100 percent (5/5), round-trip min/avg/max = 48/49/52 ms
R1#
R1#

































R1 con0 is now available





Press RETURN to get started.










R1>
R1>en
R1#
R1#
R1#

































R1 con0 is now available





Press RETURN to get started.









R1>
R1>en
R1#
R1#
R1#sh
R1#show ip
R1#show ip ei 
R1#show ip eigrp ne
R1#show ip eigrp neighbors 
EIGRP-IPv4 Neighbors for AS(1)
R1#
R1#sh run | s r e
router eigrp 1
 network 1.1.1.1 0.0.0.0
 network 10.1.2.0 0.0.0.3
R1#
R1#
R1#
R1#conf t 
Enter configuration commands, one per line.  End with CNTL/Z.
R1(config)#no router eigrp
% Incomplete command.

R1(config)#no router eigrp 1
R1(config)#
R1(config)#router eigr
R1(config)#router eigrp 1
R1(config-router)#net
R1(config-router)#network 10.1.2.0
R1(config-router)#net
R1(config-router)#network 1.1.1.1
R1(config-router)#no aut
R1(config-router)#no auto-summary 
R1(config-router)#end
R1#
R1#
R1#sh
R1#show 
*Jul 10 10:40:57.350: %SYS-5-CONFIG_I: Configured from console by consoleip
R1#show ip ei
R1#show ip eigrp in
R1#show ip eigrp interfaces 
EIGRP-IPv4 Interfaces for AS(1)
                              Xmit Queue   PeerQ        Mean   Pacing Time   Multicast    Pending
Interface              Peers  Un/Reliable  Un/Reliable  SRTT   Un/Reliable   Flow Timer   Routes
Fa0/0                    0        0/0       0/0           0       0/0            0           0
Lo0                      0        0/0       0/0           0       0/0            0           0
R1#
R1#
*Jul 10 10:43:47.798: %DUAL-5-NBRCHANGE: EIGRP-IPv4 1: Neighbor 10.1.2.2 (FastEthernet0/0) is up: new adjacency
*Jul 10 10:43:53.414: %DUAL-5-NBRCHANGE: EIGRP-IPv4 1: Neighbor 10.1.2.2 (FastEthernet0/0) is resync: peer graceful-restart
R1#
R1#
R1#show ip eigrp interfaces 
EIGRP-IPv4 Interfaces for AS(1)
                              Xmit Queue   PeerQ        Mean   Pacing Time   Multicast    Pending
Interface              Peers  Un/Reliable  Un/Reliable  SRTT   Un/Reliable   Flow Timer   Routes
Fa0/0                    1        0/0       0/0          51       0/0          212           0
Lo0                      0        0/0       0/0           0       0/0            0           0
R1#
R1#
R1#sh ip route
Codes: L - local, C - connected, S - static, R - RIP, M - mobile, B - BGP
       D - EIGRP, EX - EIGRP external, O - OSPF, IA - OSPF inter area 
       N1 - OSPF NSSA external type 1, N2 - OSPF NSSA external type 2
       E1 - OSPF external type 1, E2 - OSPF external type 2
       i - IS-IS, su - IS-IS summary, L1 - IS-IS level-1, L2 - IS-IS level-2
       ia - IS-IS inter area, * - candidate default, U - per-user static route
       o - ODR, P - periodic downloaded static route, H - NHRP, l - LISP
       + - replicated route, % - next hop override

Gateway of last resort is not set

      1.0.0.0/32 is subnetted, 1 subnets
C        1.1.1.1 is directly connected, Loopback0
      10.0.0.0/8 is variably subnetted, 3 subnets, 2 masks
C        10.1.2.0/30 is directly connected, FastEthernet0/0
L        10.1.2.1/32 is directly connected, FastEthernet0/0
D        10.19.20.0/30 [90/28416] via 10.1.2.2, 00:00:31, FastEthernet0/0
      20.0.0.0/32 is subnetted, 1 subnets
D        20.20.20.20 [90/28416] via 10.1.2.2, 00:00:31, FastEthernet0/0
R1#
R1#
R1#traceroute 20.20.20.20 so
R1#traceroute 20.20.20.20 source lo0
Type escape sequence to abort.
Tracing the route to 20.20.20.20
VRF info: (vrf in name/id, vrf out name/id)
  1 10.1.2.2 20 msec 32 msec 44 msec
  2 20.2.3.2 [MPLS: Labels 303/19006 Exp 0] 48 msec 44 msec 52 msec
  3 20.3.6.2 [MPLS: Labels 603/19006 Exp 0] 52 msec 28 msec 48 msec
  4 20.6.19.2 [MPLS: Label 19006 Exp 0] 72 msec 40 msec 48 msec
  5 10.19.20.2 48 msec 52 msec * 
R1#

































R1 con0 is now available





Press RETURN to get started.













R1>en
R1#wr
Building configuration...
[OK]
R1#
R1#
R1#terminal length 0
R1#write
Building configuration...
[OK]
R1#quit





























































R1 con0 is now available





Press RETURN to get started.





R1>
R1>en
R1#
R1#
R1#sh
R1#show ip ei
R1#show ip eigrp to
R1#show ip eigrp topology 
EIGRP-IPv4 Topology Table for AS(1)/ID(1.1.1.1)
Codes: P - Passive, A - Active, U - Update, Q - Query, R - Reply,
       r - reply Status, s - sia Status 

P 10.19.20.0/30, 1 successors, FD is 28416
        via 10.1.2.2 (28416/2816), FastEthernet0/0
P 20.20.20.20/32, 1 successors, FD is 28416
        via 10.1.2.2 (28416/2816), FastEthernet0/0
P 10.1.2.0/30, 1 successors, FD is 28160
        via Connected, FastEthernet0/0
P 1.1.1.1/32, 1 successors, FD is 128256
        via Connected, Loopback0

R1#
R1#show ip eigrp da       
R1#show ip eigrp dat
R1#show ip eigrp ?  
  <1-65535>   Autonomous System
  accounting  Prefix Accounting
  events      Events logged
  interfaces  interfaces
  neighbors   Neighbors
  timers      Timers
  topology    Select Topology
  traffic     Traffic Statistics
  vrf         Select a VPN Routing/Forwarding instance

R1#show ip eigrp 
% Incomplete command.

R1#
*Jul 10 11:11:16.602: %DUAL-5-NBRCHANGE: EIGRP-IPv4 1: Neighbor 10.1.2.2 (FastEthernet0/0) is down: Interface PEER-TERMINATION received
